// Jest Snapshot v1, https://goo.gl/fbAQLP

exports[`Tests in <CounterApp /> should match the snapshot 1`] = `
<div>
  <h1>
    Counter App
  </h1>
  <h2>
    0
  </h2>
  <button>
    +
  </button>
  <button>
    Reset
  </button>
  <button>
    -
  </button>
</div>
`;
