// Jest Snapshot v1, https://goo.gl/fbAQLP

exports[`Tests in <FirstApp /> should match the snapshot 1`] = `
<div>
  <h1
    data-testid="test-title"
  >
    Hello World
  </h1>
  <p>
    This is a subtitle
  </p>
  <p>
    Manuel
  </p>
</div>
`;
